// Jest Snapshot v1, https://goo.gl/fbAQLP

exports[`<Header/> Creates a snapshot 1`] = `
<header>
  <nav
    id="header-nav"
  >
    <ul
      className="logging-container"
    >
      <li>
        <a
          className="logging-link"
          href="/register"
          onClick={[Function]}
        >
          Sign Up
        </a>
      </li>
      <li>
        <a
          className="logging-link"
          href="/login"
          onClick={[Function]}
        >
          Log In
        </a>
      </li>
    </ul>
    <h2>
      Icon
    </h2>
    <ul
      id="nav-links"
    >
      <li>
        <a
          aria-current="page"
          className="active"
          href="/"
          onClick={[Function]}
          style={
            Object {
              "fontSize": "1.2em",
              "fontWeight": 700,
            }
          }
        >
          Home
        </a>
      </li>
      <li>
        <a
          aria-current={null}
          href="/shop"
          onClick={[Function]}
        >
          Shop
        </a>
      </li>
      
      <li>
        <a
          aria-current={null}
          href="/about"
          onClick={[Function]}
        >
          About Us
        </a>
      </li>
    </ul>
  </nav>
</header>
`;
